// Jest Snapshot v1, https://goo.gl/fbAQLP

exports[`Colony Starter React Application renders 1`] = `
<div
  className="container"
>
  <div
    className="message"
  >
    Connecting to Colony Network...
  </div>
</div>
`;
